Archive member included to satisfy reference by file (symbol)

C:\Users\Tomek\Documents\AVRStudio\Ketron\Arduino\ArduinoCore\Debug\libArduinoCore.a(abi.o)
                              src/libraries/TFT/src/utility/Adafruit_GFX.o (__cxa_pure_virtual)
C:\Users\Tomek\Documents\AVRStudio\Ketron\Arduino\ArduinoCore\Debug\libArduinoCore.a(HardwareSerial.o)
                              src/main.o (_ZN14HardwareSerial5beginEmh)
C:\Users\Tomek\Documents\AVRStudio\Ketron\Arduino\ArduinoCore\Debug\libArduinoCore.a(HardwareSerial0.o)
                              src/main.o (Serial)
C:\Users\Tomek\Documents\AVRStudio\Ketron\Arduino\ArduinoCore\Debug\libArduinoCore.a(Print.o)
                              src/libraries/TFT/src/TFT.o (_ZN5Print5writeEPKhj)
C:\Users\Tomek\Documents\AVRStudio\Ketron\Arduino\ArduinoCore\Debug\libArduinoCore.a(wiring.o)
                              src/libraries/TFT/src/utility/Adafruit_ST7735.o (delay)
C:\Users\Tomek\Documents\AVRStudio\Ketron\Arduino\ArduinoCore\Debug\libArduinoCore.a(wiring_analog.o)
                              src/input.o (analogRead)
C:\Users\Tomek\Documents\AVRStudio\Ketron\Arduino\ArduinoCore\Debug\libArduinoCore.a(wiring_digital.o)
                              src/DataFlash.o (pinMode)
C:\Users\Tomek\Documents\AVRStudio\Ketron\Arduino\ArduinoCore\Debug\libArduinoCore.a(hooks.o)
                              C:\Users\Tomek\Documents\AVRStudio\Ketron\Arduino\ArduinoCore\Debug\libArduinoCore.a(wiring.o) (yield)
c:/program files (x86)/atmel/studio/7.0/toolchain/avr8/avr8-gnu-toolchain/bin/../lib/gcc/avr/5.4.0/../../../../avr/lib/avr5\libm.a(addsf3.o)
                              C:\Users\Tomek\Documents\AVRStudio\Ketron\Arduino\ArduinoCore\Debug\libArduinoCore.a(Print.o) (__subsf3)
c:/program files (x86)/atmel/studio/7.0/toolchain/avr8/avr8-gnu-toolchain/bin/../lib/gcc/avr/5.4.0/../../../../avr/lib/avr5\libm.a(addsf3x.o)
                              c:/program files (x86)/atmel/studio/7.0/toolchain/avr8/avr8-gnu-toolchain/bin/../lib/gcc/avr/5.4.0/../../../../avr/lib/avr5\libm.a(addsf3.o) (__addsf3x)
c:/program files (x86)/atmel/studio/7.0/toolchain/avr8/avr8-gnu-toolchain/bin/../lib/gcc/avr/5.4.0/../../../../avr/lib/avr5\libm.a(cmpsf2.o)
                              C:\Users\Tomek\Documents\AVRStudio\Ketron\Arduino\ArduinoCore\Debug\libArduinoCore.a(Print.o) (__ltsf2)
c:/program files (x86)/atmel/studio/7.0/toolchain/avr8/avr8-gnu-toolchain/bin/../lib/gcc/avr/5.4.0/../../../../avr/lib/avr5\libm.a(divsf3.o)
                              C:\Users\Tomek\Documents\AVRStudio\Ketron\Arduino\ArduinoCore\Debug\libArduinoCore.a(Print.o) (__divsf3)
c:/program files (x86)/atmel/studio/7.0/toolchain/avr8/avr8-gnu-toolchain/bin/../lib/gcc/avr/5.4.0/../../../../avr/lib/avr5\libm.a(divsf3x.o)
                              c:/program files (x86)/atmel/studio/7.0/toolchain/avr8/avr8-gnu-toolchain/bin/../lib/gcc/avr/5.4.0/../../../../avr/lib/avr5\libm.a(divsf3.o) (__divsf3x)
c:/program files (x86)/atmel/studio/7.0/toolchain/avr8/avr8-gnu-toolchain/bin/../lib/gcc/avr/5.4.0/../../../../avr/lib/avr5\libm.a(fixunssfsi.o)
                              C:\Users\Tomek\Documents\AVRStudio\Ketron\Arduino\ArduinoCore\Debug\libArduinoCore.a(Print.o) (__fixunssfsi)
c:/program files (x86)/atmel/studio/7.0/toolchain/avr8/avr8-gnu-toolchain/bin/../lib/gcc/avr/5.4.0/../../../../avr/lib/avr5\libm.a(floatsisf.o)
                              C:\Users\Tomek\Documents\AVRStudio\Ketron\Arduino\ArduinoCore\Debug\libArduinoCore.a(Print.o) (__floatunsisf)
c:/program files (x86)/atmel/studio/7.0/toolchain/avr8/avr8-gnu-toolchain/bin/../lib/gcc/avr/5.4.0/../../../../avr/lib/avr5\libm.a(fp_cmp.o)
                              c:/program files (x86)/atmel/studio/7.0/toolchain/avr8/avr8-gnu-toolchain/bin/../lib/gcc/avr/5.4.0/../../../../avr/lib/avr5\libm.a(cmpsf2.o) (__fp_cmp)
c:/program files (x86)/atmel/studio/7.0/toolchain/avr8/avr8-gnu-toolchain/bin/../lib/gcc/avr/5.4.0/../../../../avr/lib/avr5\libm.a(fp_inf.o)
                              c:/program files (x86)/atmel/studio/7.0/toolchain/avr8/avr8-gnu-toolchain/bin/../lib/gcc/avr/5.4.0/../../../../avr/lib/avr5\libm.a(addsf3x.o) (__fp_inf)
c:/program files (x86)/atmel/studio/7.0/toolchain/avr8/avr8-gnu-toolchain/bin/../lib/gcc/avr/5.4.0/../../../../avr/lib/avr5\libm.a(fp_nan.o)
                              c:/program files (x86)/atmel/studio/7.0/toolchain/avr8/avr8-gnu-toolchain/bin/../lib/gcc/avr/5.4.0/../../../../avr/lib/avr5\libm.a(addsf3x.o) (__fp_nan)
c:/program files (x86)/atmel/studio/7.0/toolchain/avr8/avr8-gnu-toolchain/bin/../lib/gcc/avr/5.4.0/../../../../avr/lib/avr5\libm.a(fp_pscA.o)
                              c:/program files (x86)/atmel/studio/7.0/toolchain/avr8/avr8-gnu-toolchain/bin/../lib/gcc/avr/5.4.0/../../../../avr/lib/avr5\libm.a(addsf3x.o) (__fp_pscA)
c:/program files (x86)/atmel/studio/7.0/toolchain/avr8/avr8-gnu-toolchain/bin/../lib/gcc/avr/5.4.0/../../../../avr/lib/avr5\libm.a(fp_pscB.o)
[...]
Memory Configuration

Name             Origin             Length             Attributes
text             0x00000000         0x00020000         xr
data             0x00800060         0x0000ffa0         rw !x
eeprom           0x00810000         0x00010000         rw !x
fuse             0x00820000         0x00000003         rw !x
lock             0x00830000         0x00000400         rw !x
signature        0x00840000         0x00000400         rw !x
user_signatures  0x00850000         0x00000400         rw !x
*default*        0x00000000         0xffffffff

Linker script and memory map

Address of section .data set to 0x800100
LOAD C:/Program Files (x86)/Atmel/Studio/7.0/Packs/atmel/ATmega_DFP/1.2.209/gcc/dev/atmega328p/avr5/crtatmega328p.o
LOAD src/DataFlash.o
LOAD src/input.o
LOAD src/libraries/MIDI_Library/examples/SimpleSynth/noteList.o
LOAD src/libraries/MIDI_Library/src/MIDI.o
LOAD src/libraries/OSFS/src/OSFS.o
LOAD src/libraries/SPI/src/SPI.o
LOAD src/libraries/TFT/src/TFT.o
LOAD src/libraries/TFT/src/utility/Adafruit_GFX.o
LOAD src/libraries/TFT/src/utility/Adafruit_ST7735.o
LOAD src/libraries/TFT/src/utility/glcdfont.o
LOAD src/main.o
LOAD src/output.o
LOAD src/spi_flash.o
START GROUP
LOAD c:/program files (x86)/atmel/studio/7.0/toolchain/avr8/avr8-gnu-toolchain/bin/../lib/gcc/avr/5.4.0/../../../../avr/lib/avr5\libm.a
LOAD C:\Users\Tomek\Documents\AVRStudio\Ketron\Arduino\ArduinoCore\Debug\libArduinoCore.a
END GROUP
LOAD c:/program files (x86)/atmel/studio/7.0/toolchain/avr8/avr8-gnu-toolchain/bin/../lib/gcc/avr/5.4.0/avr5\libgcc.a
LOAD c:/program files (x86)/atmel/studio/7.0/toolchain/avr8/avr8-gnu-toolchain/bin/../lib/gcc/avr/5.4.0/../../../../avr/lib/avr5\libm.a
START GROUP
LOAD c:/program files (x86)/atmel/studio/7.0/toolchain/avr8/avr8-gnu-toolchain/bin/../lib/gcc/avr/5.4.0/avr5\libgcc.a
LOAD c:/program files (x86)/atmel/studio/7.0/toolchain/avr8/avr8-gnu-toolchain/bin/../lib/gcc/avr/5.4.0/../../../../avr/lib/avr5\libm.a
LOAD c:/program files (x86)/atmel/studio/7.0/toolchain/avr8/avr8-gnu-toolchain/bin/../lib/gcc/avr/5.4.0/../../../../avr/lib/avr5\libc.a
LOAD C:/Program Files (x86)/Atmel/Studio/7.0/Packs/atmel/ATmega_DFP/1.2.209/gcc/dev/atmega328p/avr5\libatmega328p.a
END GROUP
                0x00020000                __TEXT_REGION_LENGTH__ = DEFINED (__TEXT_REGION_LENGTH__)?__TEXT_REGION_LENGTH__:0x20000
                0x0000ffa0                __DATA_REGION_LENGTH__ = DEFINED (__DATA_REGION_LENGTH__)?__DATA_REGION_LENGTH__:0xffa0
                0x00010000                __EEPROM_REGION_LENGTH__ = DEFINED (__EEPROM_REGION_LENGTH__)?__EEPROM_REGION_LENGTH__:0x10000
                [0x00000003]                __FUSE_REGION_LENGTH__ = DEFINED (__FUSE_REGION_LENGTH__)?__FUSE_REGION_LENGTH__:0x400
                0x00000400                __LOCK_REGION_LENGTH__ = DEFINED (__LOCK_REGION_LENGTH__)?__LOCK_REGION_LENGTH__:0x400
                0x00000400                __SIGNATURE_REGION_LENGTH__ = DEFINED (__SIGNATURE_REGION_LENGTH__)?__SIGNATURE_REGION_LENGTH__:0x400
                0x00000400                __USER_SIGNATURE_REGION_LENGTH__ = DEFINED (__USER_SIGNATURE_REGION_LENGTH__)?__USER_SIGNATURE_REGION_LENGTH__:0x400

.hash
 *(.hash)

.dynsym
 *(.dynsym)

.dynstr
 *(.dynstr)

.gnu.version
 *(.gnu.version)

.gnu.version_d
 *(.gnu.version_d)

.gnu.version_r
 *(.gnu.version_r)

.rel.init
 *(.rel.init)

.rela.init
 *(.rela.init)

.rel.text
 *(.rel.text)
 *(.rel.text.*)
 *(.rel.gnu.linkonce.t*)

.rela.text
 *(.rela.text)
 *(.rela.text.*)
 *(.rela.gnu.linkonce.t*)

.rel.fini
 *(.rel.fini)

.rela.fini
 *(.rela.fini)

.rel.rodata
 *(.rel.rodata)
 *(.rel.rodata.*)
 *(.rel.gnu.linkonce.r*)

.rela.rodata
 *(.rela.rodata)
 *(.rela.rodata.*)
 *(.rela.gnu.linkonce.r*)

.rel.data
 *(.rel.data)
 *(.rel.data.*)
 *(.rel.gnu.linkonce.d*)

.rela.data
 *(.rela.data)
 *(.rela.data.*)
 *(.rela.gnu.linkonce.d*)

.rel.ctors
 *(.rel.ctors)

.rela.ctors
 *(.rela.ctors)

.rel.dtors
 *(.rel.dtors)

.rela.dtors
 *(.rela.dtors)

.rel.got
 *(.rel.got)

.rela.got
 *(.rela.got)

.rel.bss
 *(.rel.bss)

.rela.bss
 *(.rela.bss)

.rel.plt
 *(.rel.plt)

.rela.plt
 *(.rela.plt)

.text           0x00000000     0x6f50
 *(.vectors)
 .vectors       0x00000000       0x68 C:/Program Files (x86)/Atmel/Studio/7.0/Packs/atmel/ATmega_DFP/1.2.209/gcc/dev/atmega328p/avr5/crtatmega328p.o
                0x00000000                __vector_default
                0x00000000                __vectors
 *(.vectors)
 *(.progmem.gcc*)
 .progmem.gcc_sw_table._ZN4midi13MidiInterfaceI14HardwareSerialNS_15DefaultSettingsEE5parseEv
                0x00000068      0x200 src/main.o
 .progmem.gcc_sw_table._ZN4midi13MidiInterfaceI14HardwareSerialNS_15DefaultSettingsEE14launchCallbackEv
                0x00000268      0x100 src/main.o
 .progmem.gcc_sw_table._ZN4midi13MidiInterfaceI14HardwareSerialNS_15DefaultSettingsEE10thruFilterEh
                0x00000368       0x20 src/main.o
 .progmem.gcc_sw_table._Z14getBankProgramPhS_S_S_
                0x00000388       0x1a src/output.o
                0x000003a2                . = ALIGN (0x2)
                0x000003a2                __trampolines_start = .
 *(.trampolines)
 .trampolines   0x000003a2        0x0 linker stubs
 *(.trampolines*)
                0x000003a2                __trampolines_end = .
 *libprintf_flt.a:*(.progmem.data)
 *libc.a:*(.progmem.data)
 *(.progmem*)
 .progmem.data._ZL4font
                0x000003a2      0x4fb src/libraries/TFT/src/utility/Adafruit_GFX.o
 .progmem.data._ZL4Gcmd
                0x0000089d       0x62 src/libraries/TFT/src/utility/Adafruit_ST7735.o
 .progmem.data._ZL5drums
                0x000008ff       0x2f src/output.o
 .progmem.data._ZL8bass_sfx
                0x0000092e       0x72 src/output.o
 .progmem.data._ZL6ethnic
                0x000009a0       0x4e src/output.o
 .progmem.data._ZL5synth
                0x000009ee       0x46 src/output.o
 .progmem.data._ZL3pad
                0x00000a34       0x68 src/output.o
 .progmem.data._ZL9sax_flute
                0x00000a9c       0x60 src/output.o
 .progmem.data._ZL5brass
                0x00000afc       0x48 src/output.o
 .progmem.data._ZL13strings_choir
                0x00000b44       0x80 src/output.o
 .progmem.data._ZL6guitar
                0x00000bc4       0x88 src/output.o
 .progmem.data._ZL9accordion
                0x00000c4c       0x24 src/output.o
 .progmem.data._ZL5organ
                0x00000c70       0x46 src/output.o
 .progmem.data._ZL9chromatic
                0x00000cb6       0x32 src/output.o
 .progmem.data._ZL5piano
                0x00000ce8       0x46 src/output.o
 .progmem.data._ZL8drumsets
                0x00000d2e      0x2f0 src/output.o
 .progmem.data._ZL6bank_d
                0x0000101e      0x800 src/output.o
 .progmem.data._ZL6bank_c
                0x0000181e      0x800 src/output.o
 .progmem.data._ZL6bank_b
                0x0000201e      0x800 src/output.o
 .progmem.data._ZL6bank_a
                0x0000281e      0x800 src/output.o
 .progmem.data.digital_pin_to_timer_PGM
                0x0000301e       0x14 C:\Users\Tomek\Documents\AVRStudio\Ketron\Arduino\ArduinoCore\Debug\libArduinoCore.a(wiring_digital.o)
                0x0000301e                digital_pin_to_timer_PGM
 .progmem.data.digital_pin_to_bit_mask_PGM
                0x00003032       0x14 C:\Users\Tomek\Documents\AVRStudio\Ketron\Arduino\ArduinoCore\Debug\libArduinoCore.a(wiring_digital.o)
                0x00003032                digital_pin_to_bit_mask_PGM
 .progmem.data.digital_pin_to_port_PGM
                0x00003046       0x14 C:\Users\Tomek\Documents\AVRStudio\Ketron\Arduino\ArduinoCore\Debug\libArduinoCore.a(wiring_digital.o)
                0x00003046                digital_pin_to_port_PGM
 .progmem.data.port_to_input_PGM
                0x0000305a        0xa C:\Users\Tomek\Documents\AVRStudio\Ketron\Arduino\ArduinoCore\Debug\libArduinoCore.a(wiring_digital.o)
                0x0000305a                port_to_input_PGM
 .progmem.data.port_to_output_PGM
                0x00003064        0xa C:\Users\Tomek\Documents\AVRStudio\Ketron\Arduino\ArduinoCore\Debug\libArduinoCore.a(wiring_digital.o)
                0x00003064                port_to_output_PGM
 .progmem.data.port_to_mode_PGM
                0x0000306e        0xa C:\Users\Tomek\Documents\AVRStudio\Ketron\Arduino\ArduinoCore\Debug\libArduinoCore.a(wiring_digital.o)
                0x0000306e                port_to_mode_PGM
                0x00003078                . = ALIGN (0x2)
 *(.jumptables)
 *(.jumptables*)
 *(.lowtext)
 *(.lowtext*)
                0x00003078                __ctors_start = .
 *(.ctors)
 .ctors         0x00003078        0x2 src/main.o
 .ctors         0x0000307a        0x2 C:\Users\Tomek\Documents\AVRStudio\Ketron\Arduino\ArduinoCore\Debug\libArduinoCore.a(HardwareSerial0.o)
                0x0000307c                __ctors_end = .
                0x0000307c                __dtors_start = .
 *(.dtors)
 .dtors         0x0000307c        0x2 src/main.o
                0x0000307e                __dtors_end = .
 SORT(*)(.ctors)
 SORT(*)(.dtors)
 *(.init0)
 .init0         0x0000307e        0x0 C:/Program Files (x86)/Atmel/Studio/7.0/Packs/atmel/ATmega_DFP/1.2.209/gcc/dev/atmega328p/avr5/crtatmega328p.o
                0x0000307e                __init
 *(.init0)
 *(.init1)
 *(.init1)
 *(.init2)
 .init2         0x0000307e        0xc C:/Program Files (x86)/Atmel/Studio/7.0/Packs/atmel/ATmega_DFP/1.2.209/gcc/dev/atmega328p/avr5/crtatmega328p.o
 *(.init2)
 *(.init3)
 *(.init3)
 *(.init4)
 .init4         0x0000308a       0x16 c:/program files (x86)/atmel/studio/7.0/toolchain/avr8/avr8-gnu-toolchain/bin/../lib/gcc/avr/5.4.0/avr5\libgcc.a(_copy_data.o)
                0x0000308a                __do_copy_data
 .init4         0x000030a0       0x10 c:/program files (x86)/atmel/studio/7.0/toolchain/avr8/avr8-gnu-toolchain/bin/../lib/gcc/avr/5.4.0/avr5\libgcc.a(_clear_bss.o)
                0x000030a0                __do_clear_bss
 *(.init4)
 *(.init5)
 *(.init5)
 *(.init6)
 .init6         0x000030b0       0x16 c:/program files (x86)/atmel/studio/7.0/toolchain/avr8/avr8-gnu-toolchain/bin/../lib/gcc/avr/5.4.0/avr5\libgcc.a(_ctors.o)
                0x000030b0                __do_global_ctors
 *(.init6)
 *(.init7)
 *(.init7)
 *(.init8)
 *(.init8)
 *(.init9)
 .init9         0x000030c6        0x8 C:/Program Files (x86)/Atmel/Studio/7.0/Packs/atmel/ATmega_DFP/1.2.209/gcc/dev/atmega328p/avr5/crtatmega328p.o
 *(.init9)
 *(.text)
 .text          0x000030ce        0x4 C:/Program Files (x86)/Atmel/Studio/7.0/Packs/atmel/ATmega_DFP/1.2.209/gcc/dev/atmega328p/avr5/crtatmega328p.o
                0x000030ce                __vector_22
                0x000030ce                __vector_1
                0x000030ce                __vector_24
                0x000030ce                __vector_12
                0x000030ce                __bad_interrupt
                0x000030ce                __vector_6
                0x000030ce                __vector_3
                0x000030ce                __vector_23
                0x000030ce                __vector_25
                0x000030ce                __vector_11
                0x000030ce                __vector_13
                0x000030ce                __vector_17
                0x000030ce                __vector_7
                0x000030ce                __vector_5
                0x000030ce                __vector_4
                0x000030ce                __vector_9
                0x000030ce                __vector_2
                0x000030ce                __vector_21
                0x000030ce                __vector_15
                0x000030ce                __vector_8
                0x000030ce                __vector_14
                0x000030ce                __vector_10
                0x000030ce                __vector_20
                0x000030d2                . = ALIGN (0x2)
 *(.text.*)
 .text._ZN9DataFlashC2Ev
                0x000030d2        0xa src/DataFlash.o
                0x000030d2                _ZN9DataFlashC1Ev
                0x000030d2                _ZN9DataFlashC2Ev
 .text._ZN9DataFlashD2Ev
                0x000030dc        0x2 src/DataFlash.o
                0x000030dc                _ZN9DataFlashD2Ev
                0x000030dc                _ZN9DataFlashD1Ev
 .text._Z10readinputsP11inputStateshh
                0x000030de      0x162 src/input.o
                0x000030de                _Z10readinputsP11inputStateshh
 .text._Z13compareinputsP11inputStatesS0_
                0x00003240       0x8e src/input.o
                0x00003240                _Z13compareinputsP11inputStatesS0_
 .text._ZN4OSFS14writeNBytesChkEjjPKv
                0x000032ce       0x50 src/libraries/OSFS/src/OSFS.o
                0x000032ce                _ZN4OSFS14writeNBytesChkEjjPKv
 .text._ZN4OSFS13readNBytesChkEjjPv
                0x0000331e       0x50 src/libraries/OSFS/src/OSFS.o
                0x0000331e                _ZN4OSFS13readNBytesChkEjjPv
 .text._ZN4OSFS15checkLibVersionERj
                0x0000336e       0x76 src/libraries/OSFS/src/OSFS.o
                0x0000336e                _ZN4OSFS15checkLibVersionERj
 .text._ZN4OSFS11padFilenameEPKcPc
                0x000033e4       0x2a src/libraries/OSFS/src/OSFS.o
                0x000033e4                _ZN4OSFS11padFilenameEPKcPc
 .text._ZN4OSFS11getFileInfoEPKcRjS2_
                0x0000340e       0xda src/libraries/OSFS/src/OSFS.o
                0x0000340e                _ZN4OSFS11getFileInfoEPKcRjS2_
 .text._ZN4OSFS7newFileEPKcPvjb
                0x000034e8      0x17a src/libraries/OSFS/src/OSFS.o
                0x000034e8                _ZN4OSFS7newFileEPKcPvjb
 .text._ZN4OSFS6formatEv
                0x00003662       0x8e src/libraries/OSFS/src/OSFS.o
                0x00003662                _ZN4OSFS6formatEv
 .text._ZN8SPIClass5beginEv
                0x000036f0       0x6c src/libraries/SPI/src/SPI.o
                0x000036f0                _ZN8SPIClass5beginEv
 .text._ZN5Print17availableForWriteEv
                0x0000375c        0x6 src/libraries/TFT/src/TFT.o
                0x0000375c                _ZN5Print17availableForWriteEv
 .text._ZN5Print5flushEv
                0x00003762        0x2 src/libraries/TFT/src/TFT.o
                0x00003762                _ZN5Print5flushEv
 .text._ZN3TFTC2Ehhh
                0x00003764       0x28 src/libraries/TFT/src/TFT.o
                0x00003764                _ZN3TFTC2Ehhh
                0x00003764                _ZN3TFTC1Ehhh
 .text._ZN3TFT5beginEv
                0x0000378c       0x18 src/libraries/TFT/src/TFT.o
                0x0000378c                _ZN3TFT5beginEv
 .text._ZN12Adafruit_GFX8drawLineEiiiij
                0x000037a4      0x1be src/libraries/TFT/src/utility/Adafruit_GFX.o
                0x000037a4                _ZN12Adafruit_GFX8drawLineEiiiij
 .text._ZN12Adafruit_GFX8drawRectEiiiij
                0x00003962       0x9e src/libraries/TFT/src/utility/Adafruit_GFX.o
                0x00003962                _ZN12Adafruit_GFX8drawRectEiiiij
 .text._ZN12Adafruit_GFX13drawFastVLineEiiij
                0x00003a00       0x2e src/libraries/TFT/src/utility/Adafruit_GFX.o
                0x00003a00                _ZN12Adafruit_GFX13drawFastVLineEiiij
 .text._ZN12Adafruit_GFX13drawFastHLineEiiij
                0x00003a2e       0x2c src/libraries/TFT/src/utility/Adafruit_GFX.o
                0x00003a2e                _ZN12Adafruit_GFX13drawFastHLineEiiij
 .text._ZN12Adafruit_GFX8fillRectEiiiij
                0x00003a5a       0x70 src/libraries/TFT/src/utility/Adafruit_GFX.o
                0x00003a5a                _ZN12Adafruit_GFX8fillRectEiiiij
 .text._ZN12Adafruit_GFX10fillScreenEj
                0x00003aca       0x3a src/libraries/TFT/src/utility/Adafruit_GFX.o
                0x00003aca                _ZN12Adafruit_GFX10fillScreenEj
 .text._ZN12Adafruit_GFX13invertDisplayEb
                0x00003b04        0x2 src/libraries/TFT/src/utility/Adafruit_GFX.o
                0x00003b04                _ZN12Adafruit_GFX13invertDisplayEb
 .text._ZN12Adafruit_GFX8newColorEhhh
                0x00003b06       0x2a src/libraries/TFT/src/utility/Adafruit_GFX.o
                0x00003b06                _ZN12Adafruit_GFX8newColorEhhh
 .text._ZN12Adafruit_GFXC2Eii
                0x00003b30       0x3c src/libraries/TFT/src/utility/Adafruit_GFX.o
                0x00003b30                _ZN12Adafruit_GFXC2Eii
                0x00003b30                _ZN12Adafruit_GFXC1Eii
 .text._ZN12Adafruit_GFX8drawCharEiihjjh
                0x00003b6c      0x1fe src/libraries/TFT/src/utility/Adafruit_GFX.o
                0x00003b6c                _ZN12Adafruit_GFX8drawCharEiihjjh
 .text._ZN12Adafruit_GFX5writeEh
                0x00003d6a       0xbc src/libraries/TFT/src/utility/Adafruit_GFX.o
                0x00003d6a                _ZN12Adafruit_GFX5writeEh
 .text._ZN12Adafruit_GFX10backgroundEj
                0x00003e26       0x10 src/libraries/TFT/src/utility/Adafruit_GFX.o
                0x00003e26                _ZN12Adafruit_GFX10backgroundEj
 .text._ZN12Adafruit_GFX6strokeEhhh
                0x00003e36       0x28 src/libraries/TFT/src/utility/Adafruit_GFX.o
                0x00003e36                _ZN12Adafruit_GFX6strokeEhhh
 .text._ZN12Adafruit_GFX6strokeEj
                0x00003e5e       0x14 src/libraries/TFT/src/utility/Adafruit_GFX.o
                0x00003e5e                _ZN12Adafruit_GFX6strokeEj
 .text._ZN12Adafruit_GFX4textEPKcii
                0x00003e72       0x2c src/libraries/TFT/src/utility/Adafruit_GFX.o
                0x00003e72                _ZN12Adafruit_GFX4textEPKcii
 .text._ZN12Adafruit_GFX8textSizeEh
                0x00003e9e        0xc src/libraries/TFT/src/utility/Adafruit_GFX.o
                0x00003e9e                _ZN12Adafruit_GFX8textSizeEh
 .text._ZN15Adafruit_ST773510fillScreenEj
                0x00003eaa       0x3a src/libraries/TFT/src/utility/Adafruit_ST7735.o
                0x00003eaa                _ZN15Adafruit_ST773510fillScreenEj
 .text._ZN15Adafruit_ST7735C2Ehhh
                0x00003ee4       0x46 src/libraries/TFT/src/utility/Adafruit_ST7735.o
                0x00003ee4                _ZN15Adafruit_ST7735C1Ehhh
                0x00003ee4                _ZN15Adafruit_ST7735C2Ehhh
 .text._ZN15Adafruit_ST773512writecommandEh
                0x00003f2a       0xf0 src/libraries/TFT/src/utility/Adafruit_ST7735.o
                0x00003f2a                _ZN15Adafruit_ST773512writecommandEh
 .text._ZN15Adafruit_ST773513invertDisplayEb
                0x0000401a       0x10 src/libraries/TFT/src/utility/Adafruit_ST7735.o
                0x0000401a                _ZN15Adafruit_ST773513invertDisplayEb
 .text._ZN15Adafruit_ST77359writedataEh
                0x0000402a       0xee src/libraries/TFT/src/utility/Adafruit_ST7735.o
                0x0000402a                _ZN15Adafruit_ST77359writedataEh
 .text._ZN15Adafruit_ST773511commandListEPKh
                0x00004118       0xc0 src/libraries/TFT/src/utility/Adafruit_ST7735.o
                0x00004118                _ZN15Adafruit_ST773511commandListEPKh
 .text._ZN15Adafruit_ST773510commonInitEPKh
                0x000041d8      0x168 src/libraries/TFT/src/utility/Adafruit_ST7735.o
                0x000041d8                _ZN15Adafruit_ST773510commonInitEPKh
 .text._ZN15Adafruit_ST77355initGEv
                0x00004340        0xa src/libraries/TFT/src/utility/Adafruit_ST7735.o
                0x00004340                _ZN15Adafruit_ST77355initGEv
 .text._ZN15Adafruit_ST773513setAddrWindowEhhhh
                0x0000434a       0x80 src/libraries/TFT/src/utility/Adafruit_ST7735.o
                0x0000434a                _ZN15Adafruit_ST773513setAddrWindowEhhhh
 .text._ZN15Adafruit_ST77359drawPixelEiij
                0x000043ca      0x1ce src/libraries/TFT/src/utility/Adafruit_ST7735.o
                0x000043ca                _ZN15Adafruit_ST77359drawPixelEiij
 .text._ZN15Adafruit_ST773513drawFastVLineEiiij
                0x00004598      0x1f2 src/libraries/TFT/src/utility/Adafruit_ST7735.o
                0x00004598                _ZN15Adafruit_ST773513drawFastVLineEiiij
 .text._ZN15Adafruit_ST773513drawFastHLineEiiij
                0x0000478a      0x1f2 src/libraries/TFT/src/utility/Adafruit_ST7735.o
                0x0000478a                _ZN15Adafruit_ST773513drawFastHLineEiiij
 .text._ZN15Adafruit_ST77358fillRectEiiiij
                0x0000497c      0x228 src/libraries/TFT/src/utility/Adafruit_ST7735.o
                0x0000497c                _ZN15Adafruit_ST77358fillRectEiiiij
 .text._ZN15Adafruit_ST773511setRotationEh
                0x00004ba4       0x94 src/libraries/TFT/src/utility/Adafruit_ST7735.o
                0x00004ba4                _ZN15Adafruit_ST773511setRotationEh
 .text._ZN4midi13MidiInterfaceI14HardwareSerialNS_15DefaultSettingsEE4sendENS_8MidiTypeEhhh
                0x00004c38       0xb8 src/main.o
                0x00004c38                _ZN4midi13MidiInterfaceI14HardwareSerialNS_15DefaultSettingsEE4sendENS_8MidiTypeEhhh
 .text._Z10loadSoundsPhS_
                0x00004cf0       0x30 src/main.o
                0x00004cf0                _Z10loadSoundsPhS_
 .text._Z10loadPresethPhS_S_S_PbS_
                0x00004d20       0x78 src/main.o
                0x00004d20                _Z10loadPresethPhS_S_S_PbS_
 .text._ZN4midi13MidiInterfaceI14HardwareSerialNS_15DefaultSettingsEE5parseEv
                0x00004d98      0x308 src/main.o
                0x00004d98                _ZN4midi13MidiInterfaceI14HardwareSerialNS_15DefaultSettingsEE5parseEv
 .text._ZN4midi13MidiInterfaceI14HardwareSerialNS_15DefaultSettingsEE14launchCallbackEv
                0x000050a0      0x210 src/main.o
                0x000050a0                _ZN4midi13MidiInterfaceI14HardwareSerialNS_15DefaultSettingsEE14launchCallbackEv
 .text._ZN4midi13MidiInterfaceI14HardwareSerialNS_15DefaultSettingsEE10thruFilterEh
                0x000052b0      0x1fa src/main.o
                0x000052b0                _ZN4midi13MidiInterfaceI14HardwareSerialNS_15DefaultSettingsEE10thruFilterEh
 .text._Z12getSplitNoteRhRb
                0x000054aa       0x96 src/main.o
                0x000054aa                _Z12getSplitNoteRhRb
 .text._Z13processEventsv
                0x00005540      0x526 src/main.o
                0x00005540                _Z13processEventsv
 .text._GLOBAL__sub_I_csPin
                0x00005a66       0xae src/main.o
 .text._GLOBAL__sub_D_csPin
                0x00005b14        0xa src/main.o
 .text.setup    0x00005b1e       0xb6 src/main.o
                0x00005b1e                setup
 .text.main     0x00005bd4       0x82 src/main.o
                0x00005bd4                main
 .text._Z10updateLEDsP11inputStates
                0x00005c56       0x2c src/output.o
                0x00005c56                _Z10updateLEDsP11inputStates
 .text._Z11getNextModehh
                0x00005c82       0x36 src/output.o
                0x00005c82                _Z11getNextModehh
 .text._Z14getBankProgramPhS_S_S_
                0x00005cb8      0x218 src/output.o
                0x00005cb8                _Z14getBankProgramPhS_S_S_
 .text._Z10savePresethPhS_bh
                0x00005ed0       0x70 src/output.o
                0x00005ed0                _Z10savePresethPhS_bh
 .text._Z10readPresethPhS_PbS_
                0x00005f40       0xea src/output.o
                0x00005f40                _Z10readPresethPhS_PbS_
 .text._ZN4OSFS10readNBytesEjjPh
                0x0000602a       0x3e src/output.o
                0x0000602a                _ZN4OSFS10readNBytesEjjPh
 .text._ZN4OSFS11writeNBytesEjjPKh
                0x00006068       0x50 src/output.o
                0x00006068                _ZN4OSFS11writeNBytesEjjPKh
 .text._Z14showFamilyNamePhhh
                0x000060b8      0x100 src/output.o
                0x000060b8                _Z14showFamilyNamePhhh
 .text._Z18showInstrumentNamePhS_hh
                0x000061b8      0x232 src/output.o
                0x000061b8                _Z18showInstrumentNamePhS_hh
 .text._Z15showCurrentModehhb
                0x000063ea      0x106 src/output.o
                0x000063ea                _Z15showCurrentModehhb
 .text._Z14showScreenPartPhS_S_hhb
                0x000064f0       0x4e src/output.o
                0x000064f0                _Z14showScreenPartPhS_S_hhb
 .text._Z14showPresetListhh
                0x0000653e      0x176 src/output.o
                0x0000653e                _Z14showPresetListhh
 .text.__cxa_pure_virtual
                0x000066b4        0x4 C:\Users\Tomek\Documents\AVRStudio\Ketron\Arduino\ArduinoCore\Debug\libArduinoCore.a(abi.o)
                0x000066b4                __cxa_pure_virtual
 .text._ZN14HardwareSerial9availableEv
                0x000066b8       0x18 C:\Users\Tomek\Documents\AVRStudio\Ketron\Arduino\ArduinoCore\Debug\libArduinoCore.a(HardwareSerial.o)
                0x000066b8                _ZN14HardwareSerial9availableEv
 .text._ZN14HardwareSerial4peekEv
                0x000066d0       0x1c C:\Users\Tomek\Documents\AVRStudio\Ketron\Arduino\ArduinoCore\Debug\libArduinoCore.a(HardwareSerial.o)
                0x000066d0                _ZN14HardwareSerial4peekEv
 .text._ZN14HardwareSerial4readEv
                0x000066ec       0x28 C:\Users\Tomek\Documents\AVRStudio\Ketron\Arduino\ArduinoCore\Debug\libArduinoCore.a(HardwareSerial.o)
                0x000066ec                _ZN14HardwareSerial4readEv
 .text._ZN14HardwareSerial17availableForWriteEv
                0x00006714       0x1e C:\Users\Tomek\Documents\AVRStudio\Ketron\Arduino\ArduinoCore\Debug\libArduinoCore.a(HardwareSerial.o)
                0x00006714                _ZN14HardwareSerial17availableForWriteEv
 .text._ZN14HardwareSerial17_tx_udr_empty_irqEv
                0x00006732       0x44 C:\Users\Tomek\Documents\AVRStudio\Ketron\Arduino\ArduinoCore\Debug\libArduinoCore.a(HardwareSerial.o)
                0x00006732                _ZN14HardwareSerial17_tx_udr_empty_irqEv
 .text._ZN14HardwareSerial5writeEh
                0x00006776       0x9a C:\Users\Tomek\Documents\AVRStudio\Ketron\Arduino\ArduinoCore\Debug\libArduinoCore.a(HardwareSerial.o)
                0x00006776                _ZN14HardwareSerial5writeEh
 .text._ZN14HardwareSerial5flushEv
                0x00006810       0x44 C:\Users\Tomek\Documents\AVRStudio\Ketron\Arduino\ArduinoCore\Debug\libArduinoCore.a(HardwareSerial.o)
                0x00006810                _ZN14HardwareSerial5flushEv
 .text._ZN14HardwareSerial5beginEmh
                0x00006854       0xca C:\Users\Tomek\Documents\AVRStudio\Ketron\Arduino\ArduinoCore\Debug\libArduinoCore.a(HardwareSerial.o)
                0x00006854                _ZN14HardwareSerial5beginEmh
 .text.__vector_18
                0x0000691e       0x64 C:\Users\Tomek\Documents\AVRStudio\Ketron\Arduino\ArduinoCore\Debug\libArduinoCore.a(HardwareSerial0.o)
                0x0000691e                __vector_18
 .text.__vector_19
                0x00006982       0x4c C:\Users\Tomek\Documents\AVRStudio\Ketron\Arduino\ArduinoCore\Debug\libArduinoCore.a(HardwareSerial0.o)
                0x00006982                __vector_19
 .text.startup._GLOBAL__sub_I___vector_18
                0x000069ce       0x5a C:\Users\Tomek\Documents\AVRStudio\Ketron\Arduino\ArduinoCore\Debug\libArduinoCore.a(HardwareSerial0.o)
 .text._ZN5Print5writeEPKhj
                0x00006a28       0x54 C:\Users\Tomek\Documents\AVRStudio\Ketron\Arduino\ArduinoCore\Debug\libArduinoCore.a(Print.o)
                0x00006a28                _ZN5Print5writeEPKhj
 .text._ZN5Print5writeEPKc
                0x00006a7c       0x2a C:\Users\Tomek\Documents\AVRStudio\Ketron\Arduino\ArduinoCore\Debug\libArduinoCore.a(Print.o)
                0x00006a7c                _ZN5Print5writeEPKc
 .text._ZN5Print5printEPKc
                0x00006aa6        0x4 C:\Users\Tomek\Documents\AVRStudio\Ketron\Arduino\ArduinoCore\Debug\libArduinoCore.a(Print.o)
                0x00006aa6                _ZN5Print5printEPKc
 .text.__vector_16
                0x00006aaa       0x94 C:\Users\Tomek\Documents\AVRStudio\Ketron\Arduino\ArduinoCore\Debug\libArduinoCore.a(wiring.o)
                0x00006aaa                __vector_16
 .text.micros   0x00006b3e       0x4a C:\Users\Tomek\Documents\AVRStudio\Ketron\Arduino\ArduinoCore\Debug\libArduinoCore.a(wiring.o)
                0x00006b3e                micros
 .text.delay    0x00006b88       0x78 C:\Users\Tomek\Documents\AVRStudio\Ketron\Arduino\ArduinoCore\Debug\libArduinoCore.a(wiring.o)
                0x00006b88                delay
 .text.init     0x00006c00       0x76 C:\Users\Tomek\Documents\AVRStudio\Ketron\Arduino\ArduinoCore\Debug\libArduinoCore.a(wiring.o)
                0x00006c00                init
 .text.analogRead
                0x00006c76       0x3a C:\Users\Tomek\Documents\AVRStudio\Ketron\Arduino\ArduinoCore\Debug\libArduinoCore.a(wiring_analog.o)
                0x00006c76                analogRead
 .text.turnOffPWM
                0x00006cb0       0x52 C:\Users\Tomek\Documents\AVRStudio\Ketron\Arduino\ArduinoCore\Debug\libArduinoCore.a(wiring_digital.o)
 .text.pinMode  0x00006d02       0x78 C:\Users\Tomek\Documents\AVRStudio\Ketron\Arduino\ArduinoCore\Debug\libArduinoCore.a(wiring_digital.o)
                0x00006d02                pinMode
 .text.digitalWrite
                0x00006d7a       0x5e C:\Users\Tomek\Documents\AVRStudio\Ketron\Arduino\ArduinoCore\Debug\libArduinoCore.a(wiring_digital.o)
                0x00006d7a                digitalWrite
 .text.digitalRead
                0x00006dd8       0x52 C:\Users\Tomek\Documents\AVRStudio\Ketron\Arduino\ArduinoCore\Debug\libArduinoCore.a(wiring_digital.o)
                0x00006dd8                digitalRead
 .text.__empty  0x00006e2a        0x2 C:\Users\Tomek\Documents\AVRStudio\Ketron\Arduino\ArduinoCore\Debug\libArduinoCore.a(hooks.o)
                0x00006e2a                yield
 .text.libgcc.div
                0x00006e2c       0x18 c:/program files (x86)/atmel/studio/7.0/toolchain/avr8/avr8-gnu-toolchain/bin/../lib/gcc/avr/5.4.0/avr5\libgcc.a(_udivmodqi4.o)
                0x00006e2c                __udivmodqi4
 .text.libgcc.div
                0x00006e44       0x28 c:/program files (x86)/atmel/studio/7.0/toolchain/avr8/avr8-gnu-toolchain/bin/../lib/gcc/avr/5.4.0/avr5\libgcc.a(_divmodhi4.o)
                0x00006e44                _div
                0x00006e44                __divmodhi4
 .text.libgcc.div
                0x00006e6c       0x44 c:/program files (x86)/atmel/studio/7.0/toolchain/avr8/avr8-gnu-toolchain/bin/../lib/gcc/avr/5.4.0/avr5\libgcc.a(_udivmodsi4.o)
                0x00006e6c                __udivmodsi4
 .text.libgcc   0x00006eb0        0xc c:/program files (x86)/atmel/studio/7.0/toolchain/avr8/avr8-gnu-toolchain/bin/../lib/gcc/avr/5.4.0/avr5\libgcc.a(_tablejump2.o)
                0x00006eb0                __tablejump2__
 .text.libgcc.div
                0x00006ebc       0x28 c:/program files (x86)/atmel/studio/7.0/toolchain/avr8/avr8-gnu-toolchain/bin/../lib/gcc/avr/5.4.0/avr5\libgcc.a(_udivmodhi4.o)
                0x00006ebc                __udivmodhi4
 .text.avr-libc
                0x00006ee4        0xa c:/program files (x86)/atmel/studio/7.0/toolchain/avr8/avr8-gnu-toolchain/bin/../lib/gcc/avr/5.4.0/../../../../avr/lib/avr5\libc.a(abort.o)
                0x00006ee4                abort
 .text.avr-libc
                0x00006eee       0x1c c:/program files (x86)/atmel/studio/7.0/toolchain/avr8/avr8-gnu-toolchain/bin/../lib/gcc/avr/5.4.0/../../../../avr/lib/avr5\libc.a(strncmp.o)
                0x00006eee                strncmp
 .text.avr-libc
                0x00006f0a       0x10 C:/Program Files (x86)/Atmel/Studio/7.0/Packs/atmel/ATmega_DFP/1.2.209/gcc/dev/atmega328p/avr5\libatmega328p.a(eerd_byte.o)
                0x00006f0a                eeprom_read_byte
 .text.avr-libc
                0x00006f1a       0x1c C:/Program Files (x86)/Atmel/Studio/7.0/Packs/atmel/ATmega_DFP/1.2.209/gcc/dev/atmega328p/avr5\libatmega328p.a(eewr_byte.o)
                0x00006f1a                eeprom_write_byte
                0x00006f1c                eeprom_write_r18
                0x00006f36                . = ALIGN (0x2)
 *(.fini9)
 .fini9         0x00006f36        0x0 c:/program files (x86)/atmel/studio/7.0/toolchain/avr8/avr8-gnu-toolchain/bin/../lib/gcc/avr/5.4.0/avr5\libgcc.a(_exit.o)
                0x00006f36                _exit
                0x00006f36                exit
 *(.fini9)
 *(.fini8)
 *(.fini8)
 *(.fini7)
 *(.fini7)
 *(.fini6)
 .fini6         0x00006f36       0x16 c:/program files (x86)/atmel/studio/7.0/toolchain/avr8/avr8-gnu-toolchain/bin/../lib/gcc/avr/5.4.0/avr5\libgcc.a(_dtors.o)
                0x00006f36                __do_global_dtors
 *(.fini6)
 *(.fini5)
 *(.fini5)
 *(.fini4)
 *(.fini4)
 *(.fini3)
 *(.fini3)
 *(.fini2)
 *(.fini2)
 *(.fini1)
 *(.fini1)
 *(.fini0)
 .fini0         0x00006f4c        0x4 c:/program files (x86)/atmel/studio/7.0/toolchain/avr8/avr8-gnu-toolchain/bin/../lib/gcc/avr/5.4.0/avr5\libgcc.a(_exit.o)
 *(.fini0)
                0x00006f50                _etext = .

.data           0x00800100      0x20a load address 0x00006f50
                0x00800100                PROVIDE (__data_start, .)
 *(.data)
 *(.data*)
 .data.family_sounds
                0x00800100        0xd src/main.o
                0x00800100                family_sounds
 .data.PIN_LED_RED
                0x0080010d        0x1 src/main.o
                0x0080010d                PIN_LED_RED
 .data.PIN_LED_GRN
                0x0080010e        0x1 src/main.o
                0x0080010e                PIN_LED_GRN
 .data.PIN_POT1
                0x0080010f        0x1 src/main.o
                0x0080010f                PIN_POT1
 .data.PIN_BTN3
                0x00800110        0x1 src/main.o
                0x00800110                PIN_BTN3
 .data.PIN_BTN2
                0x00800111        0x1 src/main.o
                0x00800111                PIN_BTN2
 .data.PIN_BTN1
                0x00800112        0x1 src/main.o
                0x00800112                PIN_BTN1
 .data.PIN_BTN0
                0x00800113        0x1 src/main.o
                0x00800113                PIN_BTN0
 .data._ZL10modes_left
                0x00800114       0x48 src/output.o
 .data._ZL11modes_right
                0x0080015c       0x38 src/output.o
 .data._ZN4OSFS11endOfEEPROME
                0x00800194        0x2 src/output.o
                0x00800194                _ZN4OSFS11endOfEEPROME
 .data._ZN4OSFS13startOfEEPROME
                0x00800196        0x2 src/output.o
                0x00800196                _ZN4OSFS13startOfEEPROME
 .data.analog_reference
                0x00800198        0x1 C:\Users\Tomek\Documents\AVRStudio\Ketron\Arduino\ArduinoCore\Debug\libArduinoCore.a(wiring_analog.o)
                0x00800198                analog_reference
 *(.gnu.linkonce.d*)
 *(.rodata)
 *(.rodata*)
 .rodata.str1.1
                0x00800199        0x5 src/libraries/OSFS/src/OSFS.o
                                  0x6 (size before relaxing)
 .rodata._ZTV3TFT
                0x0080019e       0x1e src/libraries/TFT/src/TFT.o
                0x0080019e                _ZTV3TFT
 .rodata._ZTV12Adafruit_GFX
                0x008001bc       0x1e src/libraries/TFT/src/utility/Adafruit_GFX.o
                0x008001bc                _ZTV12Adafruit_GFX
 .rodata._ZTV15Adafruit_ST7735
                0x008001da       0x1e src/libraries/TFT/src/utility/Adafruit_ST7735.o
                0x008001da                _ZTV15Adafruit_ST7735
 .rodata.str1.1
                0x008001f8       0x34 src/main.o
 .rodata.str1.1
                0x0080022c       0xa6 src/output.o
 .rodata._ZL12family_names
                0x008002d2       0x1a src/output.o
 .rodata._ZL11presetNames
                0x008002ec        0xc src/output.o
 .rodata._ZTV14HardwareSerial
                0x008002f8       0x12 C:\Users\Tomek\Documents\AVRStudio\Ketron\Arduino\ArduinoCore\Debug\libArduinoCore.a(HardwareSerial.o)
                0x008002f8                _ZTV14HardwareSerial
 *(.gnu.linkonce.r*)
                0x0080030a                . = ALIGN (0x2)
                0x0080030a                _edata = .
                0x0080030a                PROVIDE (__data_end, .)

.bss            0x0080030a      0x1cf
                0x0080030a                PROVIDE (__bss_start, .)
 *(.bss)
 *(.bss*)
 .bss._ZN8SPIClass13interruptSaveE
                0x0080030a        0x1 src/libraries/SPI/src/SPI.o
                0x0080030a                _ZN8SPIClass13interruptSaveE
 .bss._ZN8SPIClass13interruptMaskE
                0x0080030b        0x1 src/libraries/SPI/src/SPI.o
                0x0080030b                _ZN8SPIClass13interruptMaskE
 .bss._ZN8SPIClass13interruptModeE
                0x0080030c        0x1 src/libraries/SPI/src/SPI.o
                0x0080030c                _ZN8SPIClass13interruptModeE
 .bss._ZN8SPIClass11initializedE
                0x0080030d        0x1 src/libraries/SPI/src/SPI.o
                0x0080030d                _ZN8SPIClass11initializedE
 .bss._ZZ13processEventsvE8midiThru
                0x0080030e        0x1 src/main.o
 .bss._ZZ13processEventsvE9splitNote
                0x0080030f        0x1 src/main.o
 .bss._ZZ13processEventsvE5split
                0x00800310        0x1 src/main.o
 .bss._ZZ13processEventsvE14currentProgram
                0x00800311        0x2 src/main.o
 .bss._ZZ13processEventsvE11currentBank
                0x00800313        0x2 src/main.o
 .bss._ZZ13processEventsvE13currentPreset
                0x00800315        0x1 src/main.o
 .bss._ZZ13processEventsvE18currentFamilyIndex
                0x00800316        0x2 src/main.o
 .bss._ZZ13processEventsvE11currentMode
                0x00800318        0x1 src/main.o
 .bss._ZZ13processEventsvE13currentFamily
                0x00800319        0x2 src/main.o
 .bss.MIDI      0x0080031b       0xba src/main.o
                0x0080031b                MIDI
 .bss.dataflash
                0x008003d5        0xa src/main.o
                0x008003d5                dataflash
 .bss.tft       0x008003df       0x34 src/main.o
                0x008003df                tft
 .bss.channel   0x00800413        0x1 src/main.o
                0x00800413                channel
 .bss.data2     0x00800414        0x1 src/main.o
                0x00800414                data2
 .bss.data1     0x00800415        0x1 src/main.o
                0x00800415                data1
 .bss.newdata   0x00800416        0x6 src/main.o
                0x00800416                newdata
 .bss.lastdata  0x0080041c        0x6 src/main.o
                0x0080041c                lastdata
 .bss.PIN_POT0  0x00800422        0x1 src/main.o
                0x00800422                PIN_POT0
 .bss._ZL7lcdline
                0x00800423       0x10 src/output.o
 .bss.Serial    0x00800433       0x9d C:\Users\Tomek\Documents\AVRStudio\Ketron\Arduino\ArduinoCore\Debug\libArduinoCore.a(HardwareSerial0.o)
                0x00800433                Serial
 .bss.timer0_fract
                0x008004d0        0x1 C:\Users\Tomek\Documents\AVRStudio\Ketron\Arduino\ArduinoCore\Debug\libArduinoCore.a(wiring.o)
 .bss.timer0_millis
                0x008004d1        0x4 C:\Users\Tomek\Documents\AVRStudio\Ketron\Arduino\ArduinoCore\Debug\libArduinoCore.a(wiring.o)
                0x008004d1                timer0_millis
 .bss.timer0_overflow_count
                0x008004d5        0x4 C:\Users\Tomek\Documents\AVRStudio\Ketron\Arduino\ArduinoCore\Debug\libArduinoCore.a(wiring.o)
                0x008004d5                timer0_overflow_count
 *(COMMON)
                0x008004d9                PROVIDE (__bss_end, .)
                0x00006f50                __data_load_start = LOADADDR (.data)
                0x0000715a                __data_load_end = (__data_load_start + SIZEOF (.data))

.noinit         0x008004d9        0x0
                [!provide]                PROVIDE (__noinit_start, .)
 *(.noinit*)
                [!provide]                PROVIDE (__noinit_end, .)
                0x008004d9                _end = .
                [!provide]                PROVIDE (__heap_start, .)

.eeprom         0x00810000        0x0
 *(.eeprom*)
                0x00810000                __eeprom_end = .

.fuse
 *(.fuse)
 *(.lfuse)
 *(.hfuse)
 *(.efuse)

.lock
 *(.lock*)

.signature
 *(.signature*)

.user_signatures
 *(.user_signatures*)

.stab
 *(.stab)

.stabstr
 *(.stabstr)

.stab.excl
 *(.stab.excl)

.stab.exclstr
 *(.stab.exclstr)

.stab.index
 *(.stab.index)

.stab.indexstr
 *(.stab.indexstr)

.comment        0x00000000       0x30
 *(.comment)
 .comment       0x00000000       0x30 src/DataFlash.o
                                 0x31 (size before relaxing)
 .comment       0x00000030       0x31 src/input.o
 .comment       0x00000030       0x31 src/libraries/OSFS/src/OSFS.o
 .comment       0x00000030       0x31 src/libraries/SPI/src/SPI.o
 .comment       0x00000030       0x31 src/libraries/TFT/src/TFT.o
 .comment       0x00000030       0x31 src/libraries/TFT/src/utility/Adafruit_GFX.o
 .comment       0x00000030       0x31 src/libraries/TFT/src/utility/Adafruit_ST7735.o
 .comment       0x00000030       0x31 src/main.o
 .comment       0x00000030       0x31 src/output.o
 .comment       0x00000030       0x31 C:\Users\Tomek\Documents\AVRStudio\Ketron\Arduino\ArduinoCore\Debug\libArduinoCore.a(abi.o)
 .comment       0x00000030       0x31 C:\Users\Tomek\Documents\AVRStudio\Ketron\Arduino\ArduinoCore\Debug\libArduinoCore.a(HardwareSerial.o)
 .comment       0x00000030       0x31 C:\Users\Tomek\Documents\AVRStudio\Ketron\Arduino\ArduinoCore\Debug\libArduinoCore.a(HardwareSerial0.o)
 .comment       0x00000030       0x31 C:\Users\Tomek\Documents\AVRStudio\Ketron\Arduino\ArduinoCore\Debug\libArduinoCore.a(Print.o)
 .comment       0x00000030       0x31 C:\Users\Tomek\Documents\AVRStudio\Ketron\Arduino\ArduinoCore\Debug\libArduinoCore.a(wiring.o)
 .comment       0x00000030       0x31 C:\Users\Tomek\Documents\AVRStudio\Ketron\Arduino\ArduinoCore\Debug\libArduinoCore.a(wiring_analog.o)
 .comment       0x00000030       0x31 C:\Users\Tomek\Documents\AVRStudio\Ketron\Arduino\ArduinoCore\Debug\libArduinoCore.a(wiring_digital.o)
 .comment       0x00000030       0x31 C:\Users\Tomek\Documents\AVRStudio\Ketron\Arduino\ArduinoCore\Debug\libArduinoCore.a(hooks.o)

.note.gnu.avr.deviceinfo
                0x00000000       0x40
 .note.gnu.avr.deviceinfo
                0x00000000       0x40 C:/Program Files (x86)/Atmel/Studio/7.0/Packs/atmel/ATmega_DFP/1.2.209/gcc/dev/atmega328p/avr5/crtatmega328p.o

.note.gnu.build-id
 *(.note.gnu.build-id)

.debug
 *(.debug)

.line
 *(.line)

.debug_srcinfo
 *(.debug_srcinfo)

.debug_sfnames
 *(.debug_sfnames)

.debug_aranges  0x00000000      0x868
 *(.debug_aranges)
 .debug_aranges
                0x00000000      0x140 src/DataFlash.o
 .debug_aranges
                0x00000140       0x30 src/input.o
 .debug_aranges
                0x00000170       0x58 src/libraries/OSFS/src/OSFS.o
 .debug_aranges
                0x000001c8       0x38 src/libraries/SPI/src/SPI.o
 .debug_aranges
                0x00000200       0x38 src/libraries/TFT/src/TFT.o
 .debug_aranges
                0x00000238      0x198 src/libraries/TFT/src/utility/Adafruit_GFX.o
 .debug_aranges
                0x000003d0       0xb8 src/libraries/TFT/src/utility/Adafruit_ST7735.o
 .debug_aranges
                0x00000488       0x78 src/main.o
 .debug_aranges
                0x00000500       0x88 src/output.o
 .debug_aranges
                0x00000588       0x20 C:\Users\Tomek\Documents\AVRStudio\Ketron\Arduino\ArduinoCore\Debug\libArduinoCore.a(abi.o)
 .debug_aranges
                0x000005a8       0x68 C:\Users\Tomek\Documents\AVRStudio\Ketron\Arduino\ArduinoCore\Debug\libArduinoCore.a(HardwareSerial.o)
 .debug_aranges
                0x00000610       0x48 C:\Users\Tomek\Documents\AVRStudio\Ketron\Arduino\ArduinoCore\Debug\libArduinoCore.a(HardwareSerial0.o)
 .debug_aranges
                0x00000658      0x100 C:\Users\Tomek\Documents\AVRStudio\Ketron\Arduino\ArduinoCore\Debug\libArduinoCore.a(Print.o)
 .debug_aranges
                0x00000758       0x48 C:\Users\Tomek\Documents\AVRStudio\Ketron\Arduino\ArduinoCore\Debug\libArduinoCore.a(wiring.o)
 .debug_aranges
                0x000007a0       0x30 C:\Users\Tomek\Documents\AVRStudio\Ketron\Arduino\ArduinoCore\Debug\libArduinoCore.a(wiring_analog.o)
 .debug_aranges
                0x000007d0       0x38 C:\Users\Tomek\Documents\AVRStudio\Ketron\Arduino\ArduinoCore\Debug\libArduinoCore.a(wiring_digital.o)
 .debug_aranges
                0x00000808       0x20 C:\Users\Tomek\Documents\AVRStudio\Ketron\Arduino\ArduinoCore\Debug\libArduinoCore.a(hooks.o)
 .debug_aranges
                0x00000828       0x20 C:/Program Files (x86)/Atmel/Studio/7.0/Packs/atmel/ATmega_DFP/1.2.209/gcc/dev/atmega328p/avr5\libatmega328p.a(eerd_byte.o)
 .debug_aranges
                0x00000848       0x20 C:/Program Files (x86)/Atmel/Studio/7.0/Packs/atmel/ATmega_DFP/1.2.209/gcc/dev/atmega328p/avr5\libatmega328p.a(eewr_byte.o)

.debug_pubnames
 *(.debug_pubnames)

.debug_info     0x00000000    0x1788c
 *(.debug_info .gnu.linkonce.wi.*)
 .debug_info    0x00000000      0x5f4 C:/Program Files (x86)/Atmel/Studio/7.0/Packs/atmel/ATmega_DFP/1.2.209/gcc/dev/atmega328p/avr5/crtatmega328p.o
 .debug_info    0x000005f4     0x2b03 src/DataFlash.o
 .debug_info    0x000030f7      0x36a src/input.o
 .debug_info    0x00003461      0xb78 src/libraries/OSFS/src/OSFS.o
 .debug_info    0x00003fd9      0x66b src/libraries/SPI/src/SPI.o
 .debug_info    0x00004644      0x439 src/libraries/TFT/src/TFT.o
 .debug_info    0x00004a7d     0x36ea src/libraries/TFT/src/utility/Adafruit_GFX.o
 .debug_info    0x00008167     0x21e7 src/libraries/TFT/src/utility/Adafruit_ST7735.o
 .debug_info    0x0000a34e     0x4105 src/main.o
 .debug_info    0x0000e453     0x237e src/output.o
 .debug_info    0x000107d1       0x76 C:\Users\Tomek\Documents\AVRStudio\Ketron\Arduino\ArduinoCore\Debug\libArduinoCore.a(abi.o)
 .debug_info    0x00010847     0x1f64 C:\Users\Tomek\Documents\AVRStudio\Ketron\Arduino\ArduinoCore\Debug\libArduinoCore.a(HardwareSerial.o)
 .debug_info    0x000127ab     0x1b16 C:\Users\Tomek\Documents\AVRStudio\Ketron\Arduino\ArduinoCore\Debug\libArduinoCore.a(HardwareSerial0.o)
 .debug_info    0x000142c1     0x28ff C:\Users\Tomek\Documents\AVRStudio\Ketron\Arduino\ArduinoCore\Debug\libArduinoCore.a(Print.o)
 .debug_info    0x00016bc0      0x2cb C:\Users\Tomek\Documents\AVRStudio\Ketron\Arduino\ArduinoCore\Debug\libArduinoCore.a(wiring.o)
 .debug_info    0x00016e8b      0x26d C:\Users\Tomek\Documents\AVRStudio\Ketron\Arduino\ArduinoCore\Debug\libArduinoCore.a(wiring_analog.o)
 .debug_info    0x000170f8      0x5fe C:\Users\Tomek\Documents\AVRStudio\Ketron\Arduino\ArduinoCore\Debug\libArduinoCore.a(wiring_digital.o)
 .debug_info    0x000176f6       0x3e C:\Users\Tomek\Documents\AVRStudio\Ketron\Arduino\ArduinoCore\Debug\libArduinoCore.a(hooks.o)
 .debug_info    0x00017734       0xac C:/Program Files (x86)/Atmel/Studio/7.0/Packs/atmel/ATmega_DFP/1.2.209/gcc/dev/atmega328p/avr5\libatmega328p.a(eerd_byte.o)
 .debug_info    0x000177e0       0xac C:/Program Files (x86)/Atmel/Studio/7.0/Packs/atmel/ATmega_DFP/1.2.209/gcc/dev/atmega328p/avr5\libatmega328p.a(eewr_byte.o)

.debug_abbrev   0x00000000     0x3ab1
 *(.debug_abbrev)
 .debug_abbrev  0x00000000      0x5a2 C:/Program Files (x86)/Atmel/Studio/7.0/Packs/atmel/ATmega_DFP/1.2.209/gcc/dev/atmega328p/avr5/crtatmega328p.o
 .debug_abbrev  0x000005a2      0x500 src/DataFlash.o
 .debug_abbrev  0x00000aa2      0x174 src/input.o
 .debug_abbrev  0x00000c16      0x2e4 src/libraries/OSFS/src/OSFS.o
 .debug_abbrev  0x00000efa      0x283 src/libraries/SPI/src/SPI.o
 .debug_abbrev  0x0000117d      0x21f src/libraries/TFT/src/TFT.o
 .debug_abbrev  0x0000139c      0x3e9 src/libraries/TFT/src/utility/Adafruit_GFX.o
 .debug_abbrev  0x00001785      0x4d4 src/libraries/TFT/src/utility/Adafruit_ST7735.o
 .debug_abbrev  0x00001c59      0x7e7 src/main.o
 .debug_abbrev  0x00002440      0x4a7 src/output.o
 .debug_abbrev  0x000028e7       0x6d C:\Users\Tomek\Documents\AVRStudio\Ketron\Arduino\ArduinoCore\Debug\libArduinoCore.a(abi.o)
 .debug_abbrev  0x00002954      0x4b7 C:\Users\Tomek\Documents\AVRStudio\Ketron\Arduino\ArduinoCore\Debug\libArduinoCore.a(HardwareSerial.o)
 .debug_abbrev  0x00002e0b      0x3ce C:\Users\Tomek\Documents\AVRStudio\Ketron\Arduino\ArduinoCore\Debug\libArduinoCore.a(HardwareSerial0.o)
 .debug_abbrev  0x000031d9      0x47a C:\Users\Tomek\Documents\AVRStudio\Ketron\Arduino\ArduinoCore\Debug\libArduinoCore.a(Print.o)
 .debug_abbrev  0x00003653      0x146 C:\Users\Tomek\Documents\AVRStudio\Ketron\Arduino\ArduinoCore\Debug\libArduinoCore.a(wiring.o)
 .debug_abbrev  0x00003799      0x16b C:\Users\Tomek\Documents\AVRStudio\Ketron\Arduino\ArduinoCore\Debug\libArduinoCore.a(wiring_analog.o)
 .debug_abbrev  0x00003904      0x15b C:\Users\Tomek\Documents\AVRStudio\Ketron\Arduino\ArduinoCore\Debug\libArduinoCore.a(wiring_digital.o)
 .debug_abbrev  0x00003a5f       0x2a C:\Users\Tomek\Documents\AVRStudio\Ketron\Arduino\ArduinoCore\Debug\libArduinoCore.a(hooks.o)
 .debug_abbrev  0x00003a89       0x14 C:/Program Files (x86)/Atmel/Studio/7.0/Packs/atmel/ATmega_DFP/1.2.209/gcc/dev/atmega328p/avr5\libatmega328p.a(eerd_byte.o)
 .debug_abbrev  0x00003a9d       0x14 C:/Program Files (x86)/Atmel/Studio/7.0/Packs/atmel/ATmega_DFP/1.2.209/gcc/dev/atmega328p/avr5\libatmega328p.a(eewr_byte.o)

.debug_line     0x00000000     0x6ab8
 *(.debug_line .debug_line.* .debug_line_end)
 .debug_line    0x00000000      0x133 C:/Program Files (x86)/Atmel/Studio/7.0/Packs/atmel/ATmega_DFP/1.2.209/gcc/dev/atmega328p/avr5/crtatmega328p.o
 .debug_line    0x00000133     0x120a src/DataFlash.o
 .debug_line    0x0000133d      0x2e2 src/input.o
 .debug_line    0x0000161f      0x49b src/libraries/OSFS/src/OSFS.o
 .debug_line    0x00001aba      0x319 src/libraries/SPI/src/SPI.o
 .debug_line    0x00001dd3      0x26f src/libraries/TFT/src/TFT.o
 .debug_line    0x00002042      0xd72 src/libraries/TFT/src/utility/Adafruit_GFX.o
 .debug_line    0x00002db4      0xf27 src/libraries/TFT/src/utility/Adafruit_ST7735.o
 .debug_line    0x00003cdb      0xf5f src/main.o
 .debug_line    0x00004c3a      0x7ad src/output.o
 .debug_line    0x000053e7       0xa9 C:\Users\Tomek\Documents\AVRStudio\Ketron\Arduino\ArduinoCore\Debug\libArduinoCore.a(abi.o)
 .debug_line    0x00005490      0x4c4 C:\Users\Tomek\Documents\AVRStudio\Ketron\Arduino\ArduinoCore\Debug\libArduinoCore.a(HardwareSerial.o)
 .debug_line    0x00005954      0x28c C:\Users\Tomek\Documents\AVRStudio\Ketron\Arduino\ArduinoCore\Debug\libArduinoCore.a(HardwareSerial0.o)
 .debug_line    0x00005be0      0x685 C:\Users\Tomek\Documents\AVRStudio\Ketron\Arduino\ArduinoCore\Debug\libArduinoCore.a(Print.o)
 .debug_line    0x00006265      0x299 C:\Users\Tomek\Documents\AVRStudio\Ketron\Arduino\ArduinoCore\Debug\libArduinoCore.a(wiring.o)
 .debug_line    0x000064fe      0x20f C:\Users\Tomek\Documents\AVRStudio\Ketron\Arduino\ArduinoCore\Debug\libArduinoCore.a(wiring_analog.o)
 .debug_line    0x0000670d      0x252 C:\Users\Tomek\Documents\AVRStudio\Ketron\Arduino\ArduinoCore\Debug\libArduinoCore.a(wiring_digital.o)
 .debug_line    0x0000695f       0x41 C:\Users\Tomek\Documents\AVRStudio\Ketron\Arduino\ArduinoCore\Debug\libArduinoCore.a(hooks.o)
 .debug_line    0x000069a0       0x7a C:/Program Files (x86)/Atmel/Studio/7.0/Packs/atmel/ATmega_DFP/1.2.209/gcc/dev/atmega328p/avr5\libatmega328p.a(eerd_byte.o)
 .debug_line    0x00006a1a       0x9e C:/Program Files (x86)/Atmel/Studio/7.0/Packs/atmel/ATmega_DFP/1.2.209/gcc/dev/atmega328p/avr5\libatmega328p.a(eewr_byte.o)

.debug_frame    0x00000000     0x1fc8
 *(.debug_frame)
 .debug_frame   0x00000000      0x470 src/DataFlash.o
 .debug_frame   0x00000470       0x90 src/input.o
 .debug_frame   0x00000500      0x158 src/libraries/OSFS/src/OSFS.o
 .debug_frame   0x00000658       0x5c src/libraries/SPI/src/SPI.o
 .debug_frame   0x000006b4       0x6c src/libraries/TFT/src/TFT.o
 .debug_frame   0x00000720      0x990 src/libraries/TFT/src/utility/Adafruit_GFX.o
 .debug_frame   0x000010b0      0x2d8 src/libraries/TFT/src/utility/Adafruit_ST7735.o
 .debug_frame   0x00001388      0x1f0 src/main.o
 .debug_frame   0x00001578      0x2c8 src/output.o
 .debug_frame   0x00001840       0x34 C:\Users\Tomek\Documents\AVRStudio\Ketron\Arduino\ArduinoCore\Debug\libArduinoCore.a(abi.o)
 .debug_frame   0x00001874      0x110 C:\Users\Tomek\Documents\AVRStudio\Ketron\Arduino\ArduinoCore\Debug\libArduinoCore.a(HardwareSerial.o)
 .debug_frame   0x00001984       0xe0 C:\Users\Tomek\Documents\AVRStudio\Ketron\Arduino\ArduinoCore\Debug\libArduinoCore.a(HardwareSerial0.o)
 .debug_frame   0x00001a64      0x3ac C:\Users\Tomek\Documents\AVRStudio\Ketron\Arduino\ArduinoCore\Debug\libArduinoCore.a(Print.o)
 .debug_frame   0x00001e10       0xc4 C:\Users\Tomek\Documents\AVRStudio\Ketron\Arduino\ArduinoCore\Debug\libArduinoCore.a(wiring.o)
 .debug_frame   0x00001ed4       0x54 C:\Users\Tomek\Documents\AVRStudio\Ketron\Arduino\ArduinoCore\Debug\libArduinoCore.a(wiring_analog.o)
 .debug_frame   0x00001f28       0x7c C:\Users\Tomek\Documents\AVRStudio\Ketron\Arduino\ArduinoCore\Debug\libArduinoCore.a(wiring_digital.o)
 .debug_frame   0x00001fa4       0x24 C:\Users\Tomek\Documents\AVRStudio\Ketron\Arduino\ArduinoCore\Debug\libArduinoCore.a(hooks.o)

.debug_str      0x00000000     0x6f25
 *(.debug_str)
 .debug_str     0x00000000      0x208 C:/Program Files (x86)/Atmel/Studio/7.0/Packs/atmel/ATmega_DFP/1.2.209/gcc/dev/atmega328p/avr5/crtatmega328p.o
 .debug_str     0x00000208      0xf18 src/DataFlash.o
                                0xfd3 (size before relaxing)
 .debug_str     0x00001120      0x12f src/input.o
                                0x35b (size before relaxing)
 .debug_str     0x0000124f      0x3fc src/libraries/OSFS/src/OSFS.o
                                0x636 (size before relaxing)
 .debug_str     0x0000164b       0xff src/libraries/SPI/src/SPI.o
                                0x679 (size before relaxing)
 .debug_str     0x0000174a      0x12b src/libraries/TFT/src/TFT.o
                                0x35b (size before relaxing)
 .debug_str     0x00001875      0x933 src/libraries/TFT/src/utility/Adafruit_GFX.o
                                0xc23 (size before relaxing)
 .debug_str     0x000021a8      0x484 src/libraries/TFT/src/utility/Adafruit_ST7735.o
                                0xbc6 (size before relaxing)
 .debug_str     0x0000262c     0x2a19 src/main.o
                               0x3c40 (size before relaxing)
 .debug_str     0x00005045      0x52e src/output.o
                                0xb92 (size before relaxing)
 .debug_str     0x00005573      0x177 C:\Users\Tomek\Documents\AVRStudio\Ketron\Arduino\ArduinoCore\Debug\libArduinoCore.a(abi.o)
                                0x18d (size before relaxing)
 .debug_str     0x000056ea     0x123d C:\Users\Tomek\Documents\AVRStudio\Ketron\Arduino\ArduinoCore\Debug\libArduinoCore.a(HardwareSerial.o)
                               0x1604 (size before relaxing)
 .debug_str     0x00006927       0x47 C:\Users\Tomek\Documents\AVRStudio\Ketron\Arduino\ArduinoCore\Debug\libArduinoCore.a(HardwareSerial0.o)
                               0x13f7 (size before relaxing)
 .debug_str     0x0000696e      0x3b9 C:\Users\Tomek\Documents\AVRStudio\Ketron\Arduino\ArduinoCore\Debug\libArduinoCore.a(Print.o)
                               0x1231 (size before relaxing)
 .debug_str     0x00006d27      0x13b C:\Users\Tomek\Documents\AVRStudio\Ketron\Arduino\ArduinoCore\Debug\libArduinoCore.a(wiring.o)
                                0x239 (size before relaxing)
 .debug_str     0x00006e62       0x67 C:\Users\Tomek\Documents\AVRStudio\Ketron\Arduino\ArduinoCore\Debug\libArduinoCore.a(wiring_analog.o)
                                0x23d (size before relaxing)
 .debug_str     0x00006ec9       0x40 C:\Users\Tomek\Documents\AVRStudio\Ketron\Arduino\ArduinoCore\Debug\libArduinoCore.a(wiring_digital.o)
                                0x29e (size before relaxing)
 .debug_str     0x00006f09       0x1c C:\Users\Tomek\Documents\AVRStudio\Ketron\Arduino\ArduinoCore\Debug\libArduinoCore.a(hooks.o)
                                0x12e (size before relaxing)

.debug_loc      0x00000000     0xe6a8
 *(.debug_loc)
 .debug_loc     0x00000000     0x1e00 src/DataFlash.o
 .debug_loc     0x00001e00      0x282 src/input.o
 .debug_loc     0x00002082      0x90f src/libraries/OSFS/src/OSFS.o
 .debug_loc     0x00002991      0x1e4 src/libraries/SPI/src/SPI.o
 .debug_loc     0x00002b75      0x153 src/libraries/TFT/src/TFT.o
 .debug_loc     0x00002cc8     0x4329 src/libraries/TFT/src/utility/Adafruit_GFX.o
 .debug_loc     0x00006ff1     0x1c1d src/libraries/TFT/src/utility/Adafruit_ST7735.o
 .debug_loc     0x00008c0e     0x1486 src/main.o
 .debug_loc     0x0000a094     0x197a src/output.o
 .debug_loc     0x0000ba0e      0x4dc C:\Users\Tomek\Documents\AVRStudio\Ketron\Arduino\ArduinoCore\Debug\libArduinoCore.a(HardwareSerial.o)
 .debug_loc     0x0000beea      0x1b0 C:\Users\Tomek\Documents\AVRStudio\Ketron\Arduino\ArduinoCore\Debug\libArduinoCore.a(HardwareSerial0.o)
 .debug_loc     0x0000c09a     0x1c87 C:\Users\Tomek\Documents\AVRStudio\Ketron\Arduino\ArduinoCore\Debug\libArduinoCore.a(Print.o)
 .debug_loc     0x0000dd21      0x28d C:\Users\Tomek\Documents\AVRStudio\Ketron\Arduino\ArduinoCore\Debug\libArduinoCore.a(wiring.o)
 .debug_loc     0x0000dfae       0xfe C:\Users\Tomek\Documents\AVRStudio\Ketron\Arduino\ArduinoCore\Debug\libArduinoCore.a(wiring_analog.o)
 .debug_loc     0x0000e0ac      0x5fc C:\Users\Tomek\Documents\AVRStudio\Ketron\Arduino\ArduinoCore\Debug\libArduinoCore.a(wiring_digital.o)

.debug_macinfo
 *(.debug_macinfo)

.debug_weaknames
 *(.debug_weaknames)

.debug_funcnames
 *(.debug_funcnames)

.debug_typenames
 *(.debug_typenames)

.debug_varnames
 *(.debug_varnames)

.debug_pubtypes
 *(.debug_pubtypes)

.debug_ranges   0x00000000      0x980
 *(.debug_ranges)
 .debug_ranges  0x00000000      0x130 src/DataFlash.o
 .debug_ranges  0x00000130       0x20 src/input.o
 .debug_ranges  0x00000150       0x70 src/libraries/OSFS/src/OSFS.o
 .debug_ranges  0x000001c0       0x28 src/libraries/SPI/src/SPI.o
 .debug_ranges  0x000001e8       0x28 src/libraries/TFT/src/TFT.o
 .debug_ranges  0x00000210      0x200 src/libraries/TFT/src/utility/Adafruit_GFX.o
 .debug_ranges  0x00000410      0x1a0 src/libraries/TFT/src/utility/Adafruit_ST7735.o
 .debug_ranges  0x000005b0      0x108 src/main.o
 .debug_ranges  0x000006b8       0x78 src/output.o
 .debug_ranges  0x00000730       0x10 C:\Users\Tomek\Documents\AVRStudio\Ketron\Arduino\ArduinoCore\Debug\libArduinoCore.a(abi.o)
 .debug_ranges  0x00000740       0x58 C:\Users\Tomek\Documents\AVRStudio\Ketron\Arduino\ArduinoCore\Debug\libArduinoCore.a(HardwareSerial.o)
 .debug_ranges  0x00000798       0x38 C:\Users\Tomek\Documents\AVRStudio\Ketron\Arduino\ArduinoCore\Debug\libArduinoCore.a(HardwareSerial0.o)
 .debug_ranges  0x000007d0      0x120 C:\Users\Tomek\Documents\AVRStudio\Ketron\Arduino\ArduinoCore\Debug\libArduinoCore.a(Print.o)
 .debug_ranges  0x000008f0       0x38 C:\Users\Tomek\Documents\AVRStudio\Ketron\Arduino\ArduinoCore\Debug\libArduinoCore.a(wiring.o)
 .debug_ranges  0x00000928       0x20 C:\Users\Tomek\Documents\AVRStudio\Ketron\Arduino\ArduinoCore\Debug\libArduinoCore.a(wiring_analog.o)
 .debug_ranges  0x00000948       0x28 C:\Users\Tomek\Documents\AVRStudio\Ketron\Arduino\ArduinoCore\Debug\libArduinoCore.a(wiring_digital.o)
 .debug_ranges  0x00000970       0x10 C:\Users\Tomek\Documents\AVRStudio\Ketron\Arduino\ArduinoCore\Debug\libArduinoCore.a(hooks.o)

.debug_macro
 *(.debug_macro)
OUTPUT(Ketron.elf elf32-avr)
LOAD linker stubs
